Archive member included to satisfy reference by file (symbol)

D:/Programms/STM32CubeIDE_1.13.2/STM32CubeIDE/plugins/com.st.stm32cube.ide.mcu.externaltools.gnu-tools-for-stm32.11.3.rel1.win32_1.1.1.202309131626/tools/bin/../lib/gcc/arm-none-eabi/11.3.1/../../../../arm-none-eabi/lib/thumb/v7-m/nofp\libc_nano.a(libc_a-exit.o)
                              D:/Programms/STM32CubeIDE_1.13.2/STM32CubeIDE/plugins/com.st.stm32cube.ide.mcu.externaltools.gnu-tools-for-stm32.11.3.rel1.win32_1.1.1.202309131626/tools/bin/../lib/gcc/arm-none-eabi/11.3.1/../../../../arm-none-eabi/lib/thumb/v7-m/nofp/crt0.o (exit)
D:/Programms/STM32CubeIDE_1.13.2/STM32CubeIDE/plugins/com.st.stm32cube.ide.mcu.externaltools.gnu-tools-for-stm32.11.3.rel1.win32_1.1.1.202309131626/tools/bin/../lib/gcc/arm-none-eabi/11.3.1/../../../../arm-none-eabi/lib/thumb/v7-m/nofp\libc_nano.a(libc_a-findfp.o)
                              D:/Programms/STM32CubeIDE_1.13.2/STM32CubeIDE/plugins/com.st.stm32cube.ide.mcu.externaltools.gnu-tools-for-stm32.11.3.rel1.win32_1.1.1.202309131626/tools/bin/../lib/gcc/arm-none-eabi/11.3.1/../../../../arm-none-eabi/lib/thumb/v7-m/nofp\libc_nano.a(libc_a-exit.o) (__stdio_exit_handler)
D:/Programms/STM32CubeIDE_1.13.2/STM32CubeIDE/plugins/com.st.stm32cube.ide.mcu.externaltools.gnu-tools-for-stm32.11.3.rel1.win32_1.1.1.202309131626/tools/bin/../lib/gcc/arm-none-eabi/11.3.1/../../../../arm-none-eabi/lib/thumb/v7-m/nofp\libc_nano.a(libc_a-fwalk.o)
                              D:/Programms/STM32CubeIDE_1.13.2/STM32CubeIDE/plugins/com.st.stm32cube.ide.mcu.externaltools.gnu-tools-for-stm32.11.3.rel1.win32_1.1.1.202309131626/tools/bin/../lib/gcc/arm-none-eabi/11.3.1/../../../../arm-none-eabi/lib/thumb/v7-m/nofp\libc_nano.a(libc_a-findfp.o) (_fwalk_sglue)
D:/Programms/STM32CubeIDE_1.13.2/STM32CubeIDE/plugins/com.st.stm32cube.ide.mcu.externaltools.gnu-tools-for-stm32.11.3.rel1.win32_1.1.1.202309131626/tools/bin/../lib/gcc/arm-none-eabi/11.3.1/../../../../arm-none-eabi/lib/thumb/v7-m/nofp\libc_nano.a(libc_a-stdio.o)
                              D:/Programms/STM32CubeIDE_1.13.2/STM32CubeIDE/plugins/com.st.stm32cube.ide.mcu.externaltools.gnu-tools-for-stm32.11.3.rel1.win32_1.1.1.202309131626/tools/bin/../lib/gcc/arm-none-eabi/11.3.1/../../../../arm-none-eabi/lib/thumb/v7-m/nofp\libc_nano.a(libc_a-findfp.o) (__sread)
D:/Programms/STM32CubeIDE_1.13.2/STM32CubeIDE/plugins/com.st.stm32cube.ide.mcu.externaltools.gnu-tools-for-stm32.11.3.rel1.win32_1.1.1.202309131626/tools/bin/../lib/gcc/arm-none-eabi/11.3.1/../../../../arm-none-eabi/lib/thumb/v7-m/nofp\libc_nano.a(libc_a-memset.o)
                              D:/Programms/STM32CubeIDE_1.13.2/STM32CubeIDE/plugins/com.st.stm32cube.ide.mcu.externaltools.gnu-tools-for-stm32.11.3.rel1.win32_1.1.1.202309131626/tools/bin/../lib/gcc/arm-none-eabi/11.3.1/../../../../arm-none-eabi/lib/thumb/v7-m/nofp/crt0.o (memset)
D:/Programms/STM32CubeIDE_1.13.2/STM32CubeIDE/plugins/com.st.stm32cube.ide.mcu.externaltools.gnu-tools-for-stm32.11.3.rel1.win32_1.1.1.202309131626/tools/bin/../lib/gcc/arm-none-eabi/11.3.1/../../../../arm-none-eabi/lib/thumb/v7-m/nofp\libc_nano.a(libc_a-closer.o)
                              D:/Programms/STM32CubeIDE_1.13.2/STM32CubeIDE/plugins/com.st.stm32cube.ide.mcu.externaltools.gnu-tools-for-stm32.11.3.rel1.win32_1.1.1.202309131626/tools/bin/../lib/gcc/arm-none-eabi/11.3.1/../../../../arm-none-eabi/lib/thumb/v7-m/nofp\libc_nano.a(libc_a-stdio.o) (_close_r)
D:/Programms/STM32CubeIDE_1.13.2/STM32CubeIDE/plugins/com.st.stm32cube.ide.mcu.externaltools.gnu-tools-for-stm32.11.3.rel1.win32_1.1.1.202309131626/tools/bin/../lib/gcc/arm-none-eabi/11.3.1/../../../../arm-none-eabi/lib/thumb/v7-m/nofp\libc_nano.a(libc_a-reent.o)
                              D:/Programms/STM32CubeIDE_1.13.2/STM32CubeIDE/plugins/com.st.stm32cube.ide.mcu.externaltools.gnu-tools-for-stm32.11.3.rel1.win32_1.1.1.202309131626/tools/bin/../lib/gcc/arm-none-eabi/11.3.1/../../../../arm-none-eabi/lib/thumb/v7-m/nofp\libc_nano.a(libc_a-closer.o) (errno)
D:/Programms/STM32CubeIDE_1.13.2/STM32CubeIDE/plugins/com.st.stm32cube.ide.mcu.externaltools.gnu-tools-for-stm32.11.3.rel1.win32_1.1.1.202309131626/tools/bin/../lib/gcc/arm-none-eabi/11.3.1/../../../../arm-none-eabi/lib/thumb/v7-m/nofp\libc_nano.a(libc_a-impure.o)
                              D:/Programms/STM32CubeIDE_1.13.2/STM32CubeIDE/plugins/com.st.stm32cube.ide.mcu.externaltools.gnu-tools-for-stm32.11.3.rel1.win32_1.1.1.202309131626/tools/bin/../lib/gcc/arm-none-eabi/11.3.1/../../../../arm-none-eabi/lib/thumb/v7-m/nofp\libc_nano.a(libc_a-reent.o) (_impure_ptr)
D:/Programms/STM32CubeIDE_1.13.2/STM32CubeIDE/plugins/com.st.stm32cube.ide.mcu.externaltools.gnu-tools-for-stm32.11.3.rel1.win32_1.1.1.202309131626/tools/bin/../lib/gcc/arm-none-eabi/11.3.1/../../../../arm-none-eabi/lib/thumb/v7-m/nofp\libc_nano.a(libc_a-lseekr.o)
[...]
Memory Configuration

Name             Origin             Length             Attributes
RAM              0x0000000020000000 0x0000000000002800 xrw
FLASH            0x0000000008000000 0x0000000000008000 xr
*default*        0x0000000000000000 0xffffffffffffffff

Linker script and memory map

LOAD D:/Programms/STM32CubeIDE_1.13.2/STM32CubeIDE/plugins/com.st.stm32cube.ide.mcu.externaltools.gnu-tools-for-stm32.11.3.rel1.win32_1.1.1.202309131626/tools/bin/../lib/gcc/arm-none-eabi/11.3.1/thumb/v7-m/nofp/crti.o
LOAD D:/Programms/STM32CubeIDE_1.13.2/STM32CubeIDE/plugins/com.st.stm32cube.ide.mcu.externaltools.gnu-tools-for-stm32.11.3.rel1.win32_1.1.1.202309131626/tools/bin/../lib/gcc/arm-none-eabi/11.3.1/thumb/v7-m/nofp/crtbegin.o
LOAD D:/Programms/STM32CubeIDE_1.13.2/STM32CubeIDE/plugins/com.st.stm32cube.ide.mcu.externaltools.gnu-tools-for-stm32.11.3.rel1.win32_1.1.1.202309131626/tools/bin/../lib/gcc/arm-none-eabi/11.3.1/../../../../arm-none-eabi/lib/thumb/v7-m/nofp/crt0.o
LOAD ./Core/Src/dma.o
LOAD ./Core/Src/i2c.o
LOAD ./Core/Src/main.o
LOAD ./Core/Src/max5980.o
LOAD ./Core/Src/string.o
LOAD ./Core/Src/syscalls.o
LOAD ./Core/Src/sysmem.o
LOAD ./Core/Src/tim.o
LOAD ./Core/Src/uart.o
LOAD ./Core/Startup/startup_stm32f103c6tx.o
START GROUP
LOAD D:/Programms/STM32CubeIDE_1.13.2/STM32CubeIDE/plugins/com.st.stm32cube.ide.mcu.externaltools.gnu-tools-for-stm32.11.3.rel1.win32_1.1.1.202309131626/tools/bin/../lib/gcc/arm-none-eabi/11.3.1/../../../../arm-none-eabi/lib/thumb/v7-m/nofp\libc_nano.a
LOAD D:/Programms/STM32CubeIDE_1.13.2/STM32CubeIDE/plugins/com.st.stm32cube.ide.mcu.externaltools.gnu-tools-for-stm32.11.3.rel1.win32_1.1.1.202309131626/tools/bin/../lib/gcc/arm-none-eabi/11.3.1/../../../../arm-none-eabi/lib/thumb/v7-m/nofp\libm.a
END GROUP
START GROUP
LOAD D:/Programms/STM32CubeIDE_1.13.2/STM32CubeIDE/plugins/com.st.stm32cube.ide.mcu.externaltools.gnu-tools-for-stm32.11.3.rel1.win32_1.1.1.202309131626/tools/bin/../lib/gcc/arm-none-eabi/11.3.1/thumb/v7-m/nofp\libgcc.a
LOAD D:/Programms/STM32CubeIDE_1.13.2/STM32CubeIDE/plugins/com.st.stm32cube.ide.mcu.externaltools.gnu-tools-for-stm32.11.3.rel1.win32_1.1.1.202309131626/tools/bin/../lib/gcc/arm-none-eabi/11.3.1/../../../../arm-none-eabi/lib/thumb/v7-m/nofp\libc_nano.a
END GROUP
START GROUP
LOAD D:/Programms/STM32CubeIDE_1.13.2/STM32CubeIDE/plugins/com.st.stm32cube.ide.mcu.externaltools.gnu-tools-for-stm32.11.3.rel1.win32_1.1.1.202309131626/tools/bin/../lib/gcc/arm-none-eabi/11.3.1/thumb/v7-m/nofp\libgcc.a
LOAD D:/Programms/STM32CubeIDE_1.13.2/STM32CubeIDE/plugins/com.st.stm32cube.ide.mcu.externaltools.gnu-tools-for-stm32.11.3.rel1.win32_1.1.1.202309131626/tools/bin/../lib/gcc/arm-none-eabi/11.3.1/../../../../arm-none-eabi/lib/thumb/v7-m/nofp\libc_nano.a
LOAD D:/Programms/STM32CubeIDE_1.13.2/STM32CubeIDE/plugins/com.st.stm32cube.ide.mcu.externaltools.gnu-tools-for-stm32.11.3.rel1.win32_1.1.1.202309131626/tools/bin/../lib/gcc/arm-none-eabi/11.3.1/../../../../arm-none-eabi/lib/thumb/v7-m/nofp\libnosys.a
END GROUP
START GROUP
LOAD D:/Programms/STM32CubeIDE_1.13.2/STM32CubeIDE/plugins/com.st.stm32cube.ide.mcu.externaltools.gnu-tools-for-stm32.11.3.rel1.win32_1.1.1.202309131626/tools/bin/../lib/gcc/arm-none-eabi/11.3.1/thumb/v7-m/nofp\libgcc.a
LOAD D:/Programms/STM32CubeIDE_1.13.2/STM32CubeIDE/plugins/com.st.stm32cube.ide.mcu.externaltools.gnu-tools-for-stm32.11.3.rel1.win32_1.1.1.202309131626/tools/bin/../lib/gcc/arm-none-eabi/11.3.1/../../../../arm-none-eabi/lib/thumb/v7-m/nofp\libc_nano.a
LOAD D:/Programms/STM32CubeIDE_1.13.2/STM32CubeIDE/plugins/com.st.stm32cube.ide.mcu.externaltools.gnu-tools-for-stm32.11.3.rel1.win32_1.1.1.202309131626/tools/bin/../lib/gcc/arm-none-eabi/11.3.1/../../../../arm-none-eabi/lib/thumb/v7-m/nofp\libnosys.a
END GROUP
LOAD D:/Programms/STM32CubeIDE_1.13.2/STM32CubeIDE/plugins/com.st.stm32cube.ide.mcu.externaltools.gnu-tools-for-stm32.11.3.rel1.win32_1.1.1.202309131626/tools/bin/../lib/gcc/arm-none-eabi/11.3.1/thumb/v7-m/nofp/crtend.o
LOAD D:/Programms/STM32CubeIDE_1.13.2/STM32CubeIDE/plugins/com.st.stm32cube.ide.mcu.externaltools.gnu-tools-for-stm32.11.3.rel1.win32_1.1.1.202309131626/tools/bin/../lib/gcc/arm-none-eabi/11.3.1/thumb/v7-m/nofp/crtn.o
                0x0000000020002800                _estack = (ORIGIN (RAM) + LENGTH (RAM))
                0x0000000000000200                _Min_Heap_Size = 0x200
                0x0000000000000400                _Min_Stack_Size = 0x400

.isr_vector     0x0000000008000000      0x10c
                0x0000000008000000                . = ALIGN (0x4)
 *(.isr_vector)
 .isr_vector    0x0000000008000000      0x10c ./Core/Startup/startup_stm32f103c6tx.o
                0x0000000008000000                g_pfnVectors
                0x000000000800010c                . = ALIGN (0x4)

.text           0x000000000800010c      0xf14
                0x000000000800010c                . = ALIGN (0x4)
 *(.text)
 .text          0x000000000800010c       0x40 D:/Programms/STM32CubeIDE_1.13.2/STM32CubeIDE/plugins/com.st.stm32cube.ide.mcu.externaltools.gnu-tools-for-stm32.11.3.rel1.win32_1.1.1.202309131626/tools/bin/../lib/gcc/arm-none-eabi/11.3.1/thumb/v7-m/nofp/crtbegin.o
 *(.text*)
 .text.dma_tx_reinit
                0x000000000800014c       0x4c ./Core/Src/dma.o
                0x000000000800014c                dma_tx_reinit
 .text.dma_init
                0x0000000008000198       0xfc ./Core/Src/dma.o
                0x0000000008000198                dma_init
 .text.DMA1_Channel4_IRQHandler
                0x0000000008000294       0x4c ./Core/Src/dma.o
                0x0000000008000294                DMA1_Channel4_IRQHandler
 .text.DMA1_Channel5_IRQHandler
                0x00000000080002e0       0x88 ./Core/Src/dma.o
                0x00000000080002e0                DMA1_Channel5_IRQHandler
 .text.DMA1_Channel6_IRQHandler
                0x0000000008000368       0x88 ./Core/Src/dma.o
                0x0000000008000368                DMA1_Channel6_IRQHandler
 .text.DMA1_Channel7_IRQHandler
                0x00000000080003f0       0x4c ./Core/Src/dma.o
                0x00000000080003f0                DMA1_Channel7_IRQHandler
 .text.i2c_init
                0x000000000800043c       0xa0 ./Core/Src/i2c.o
                0x000000000800043c                i2c_init
 .text.i2c_send_address
                0x00000000080004dc       0x98 ./Core/Src/i2c.o
                0x00000000080004dc                i2c_send_address
 .text.i2c_send_and_read
                0x0000000008000574       0x74 ./Core/Src/i2c.o
                0x0000000008000574                i2c_send_and_read
 .text.i2c_rx   0x00000000080005e8       0x2c ./Core/Src/i2c.o
                0x00000000080005e8                i2c_rx
 .text.__NVIC_EnableIRQ
                0x0000000008000614       0x38 ./Core/Src/main.o
 .text.main     0x000000000800064c      0x184 ./Core/Src/main.o
                0x000000000800064c                main
 .text.rcc_init
                0x00000000080007d0       0xd4 ./Core/Src/main.o
                0x00000000080007d0                rcc_init
 .text.interrupts_first_init
                0x00000000080008a4       0x2a ./Core/Src/main.o
                0x00000000080008a4                interrupts_first_init
 .text.gpio_x_pin_y_config
                0x00000000080008ce       0xc2 ./Core/Src/main.o
                0x00000000080008ce                gpio_x_pin_y_config
 .text.max_port_status_check
                0x0000000008000990       0x70 ./Core/Src/max5980.o
                0x0000000008000990                max_port_status_check
 .text.str_compare
                0x0000000008000a00       0x72 ./Core/Src/string.o
                0x0000000008000a00                str_compare
 .text.str_len  0x0000000008000a72       0x40 ./Core/Src/string.o
                0x0000000008000a72                str_len
 *fill*         0x0000000008000ab2        0x2 
 .text.hex2char
                0x0000000008000ab4       0xcc ./Core/Src/string.o
                0x0000000008000ab4                hex2char
 .text.delay_ms
                0x0000000008000b80       0x48 ./Core/Src/tim.o
                0x0000000008000b80                delay_ms
 .text.TIM3_IRQHandler
                0x0000000008000bc8       0x28 ./Core/Src/tim.o
                0x0000000008000bc8                TIM3_IRQHandler
 .text.TIM2_IRQHandler
                0x0000000008000bf0       0x40 ./Core/Src/tim.o
                0x0000000008000bf0                TIM2_IRQHandler
 .text.TIM1_UP_IRQHandler
                0x0000000008000c30       0x28 ./Core/Src/tim.o
                0x0000000008000c30                TIM1_UP_IRQHandler
 .text.tim2_init
                0x0000000008000c58       0x60 ./Core/Src/tim.o
                0x0000000008000c58                tim2_init
 .text.__NVIC_SystemReset
                0x0000000008000cb8       0x2c ./Core/Src/uart.o
 .text.uart2_init
                0x0000000008000ce4       0xbc ./Core/Src/uart.o
                0x0000000008000ce4                uart2_init
 .text.uart_transmit_string
                0x0000000008000da0       0xa8 ./Core/Src/uart.o
                0x0000000008000da0                uart_transmit_string
 .text.USART1_IRQHandler
                0x0000000008000e48       0x9c ./Core/Src/uart.o
                0x0000000008000e48                USART1_IRQHandler
 .text.USART2_IRQHandler
                0x0000000008000ee4       0x84 ./Core/Src/uart.o
                0x0000000008000ee4                USART2_IRQHandler
 .text.Reset_Handler
                0x0000000008000f68       0x44 ./Core/Startup/startup_stm32f103c6tx.o
                0x0000000008000f68                Reset_Handler
 .text.Default_Handler
                0x0000000008000fac        0x2 ./Core/Startup/startup_stm32f103c6tx.o
                0x0000000008000fac                RTC_Alarm_IRQHandler
                0x0000000008000fac                EXTI2_IRQHandler
                0x0000000008000fac                DebugMon_Handler
                0x0000000008000fac                TIM1_CC_IRQHandler
                0x0000000008000fac                HardFault_Handler
                0x0000000008000fac                SysTick_Handler
                0x0000000008000fac                PVD_IRQHandler
                0x0000000008000fac                PendSV_Handler
                0x0000000008000fac                NMI_Handler
                0x0000000008000fac                EXTI3_IRQHandler
                0x0000000008000fac                EXTI0_IRQHandler
                0x0000000008000fac                UsageFault_Handler
                0x0000000008000fac                ADC1_2_IRQHandler
                0x0000000008000fac                SPI1_IRQHandler
                0x0000000008000fac                TAMPER_IRQHandler
                0x0000000008000fac                RTC_IRQHandler
                0x0000000008000fac                CAN1_RX1_IRQHandler
                0x0000000008000fac                I2C1_EV_IRQHandler
                0x0000000008000fac                RCC_IRQHandler
                0x0000000008000fac                TIM1_TRG_COM_IRQHandler
                0x0000000008000fac                DMA1_Channel1_IRQHandler
                0x0000000008000fac                Default_Handler
                0x0000000008000fac                EXTI15_10_IRQHandler
                0x0000000008000fac                EXTI9_5_IRQHandler
                0x0000000008000fac                MemManage_Handler
                0x0000000008000fac                SVC_Handler
                0x0000000008000fac                EXTI4_IRQHandler
                0x0000000008000fac                USB_LP_CAN1_RX0_IRQHandler
                0x0000000008000fac                USB_HP_CAN1_TX_IRQHandler
                0x0000000008000fac                DMA1_Channel3_IRQHandler
                0x0000000008000fac                WWDG_IRQHandler
                0x0000000008000fac                TIM1_BRK_IRQHandler
                0x0000000008000fac                EXTI1_IRQHandler
                0x0000000008000fac                DMA1_Channel2_IRQHandler
                0x0000000008000fac                CAN1_SCE_IRQHandler
                0x0000000008000fac                FLASH_IRQHandler
                0x0000000008000fac                BusFault_Handler
                0x0000000008000fac                I2C1_ER_IRQHandler
                0x0000000008000fac                USBWakeUp_IRQHandler
 .text.memset   0x0000000008000fae       0x10 D:/Programms/STM32CubeIDE_1.13.2/STM32CubeIDE/plugins/com.st.stm32cube.ide.mcu.externaltools.gnu-tools-for-stm32.11.3.rel1.win32_1.1.1.202309131626/tools/bin/../lib/gcc/arm-none-eabi/11.3.1/../../../../arm-none-eabi/lib/thumb/v7-m/nofp\libc_nano.a(libc_a-memset.o)
                0x0000000008000fae                memset
 *fill*         0x0000000008000fbe        0x2 
 .text.__libc_init_array
                0x0000000008000fc0       0x48 D:/Programms/STM32CubeIDE_1.13.2/STM32CubeIDE/plugins/com.st.stm32cube.ide.mcu.externaltools.gnu-tools-for-stm32.11.3.rel1.win32_1.1.1.202309131626/tools/bin/../lib/gcc/arm-none-eabi/11.3.1/../../../../arm-none-eabi/lib/thumb/v7-m/nofp\libc_nano.a(libc_a-init.o)
                0x0000000008000fc0                __libc_init_array
 *(.glue_7)
 .glue_7        0x0000000008001008        0x0 linker stubs
 *(.glue_7t)
 .glue_7t       0x0000000008001008        0x0 linker stubs
 *(.eh_frame)
 .eh_frame      0x0000000008001008        0x0 D:/Programms/STM32CubeIDE_1.13.2/STM32CubeIDE/plugins/com.st.stm32cube.ide.mcu.externaltools.gnu-tools-for-stm32.11.3.rel1.win32_1.1.1.202309131626/tools/bin/../lib/gcc/arm-none-eabi/11.3.1/thumb/v7-m/nofp/crtbegin.o
 *(.init)
 .init          0x0000000008001008        0x4 D:/Programms/STM32CubeIDE_1.13.2/STM32CubeIDE/plugins/com.st.stm32cube.ide.mcu.externaltools.gnu-tools-for-stm32.11.3.rel1.win32_1.1.1.202309131626/tools/bin/../lib/gcc/arm-none-eabi/11.3.1/thumb/v7-m/nofp/crti.o
                0x0000000008001008                _init
 .init          0x000000000800100c        0x8 D:/Programms/STM32CubeIDE_1.13.2/STM32CubeIDE/plugins/com.st.stm32cube.ide.mcu.externaltools.gnu-tools-for-stm32.11.3.rel1.win32_1.1.1.202309131626/tools/bin/../lib/gcc/arm-none-eabi/11.3.1/thumb/v7-m/nofp/crtn.o
 *(.fini)
 .fini          0x0000000008001014        0x4 D:/Programms/STM32CubeIDE_1.13.2/STM32CubeIDE/plugins/com.st.stm32cube.ide.mcu.externaltools.gnu-tools-for-stm32.11.3.rel1.win32_1.1.1.202309131626/tools/bin/../lib/gcc/arm-none-eabi/11.3.1/thumb/v7-m/nofp/crti.o
                0x0000000008001014                _fini
 .fini          0x0000000008001018        0x8 D:/Programms/STM32CubeIDE_1.13.2/STM32CubeIDE/plugins/com.st.stm32cube.ide.mcu.externaltools.gnu-tools-for-stm32.11.3.rel1.win32_1.1.1.202309131626/tools/bin/../lib/gcc/arm-none-eabi/11.3.1/thumb/v7-m/nofp/crtn.o
                0x0000000008001020                . = ALIGN (0x4)
                0x0000000008001020                _etext = .

.vfp11_veneer   0x0000000008001020        0x0
 .vfp11_veneer  0x0000000008001020        0x0 linker stubs

.v4_bx          0x0000000008001020        0x0
 .v4_bx         0x0000000008001020        0x0 linker stubs

.iplt           0x0000000008001020        0x0
 .iplt          0x0000000008001020        0x0 D:/Programms/STM32CubeIDE_1.13.2/STM32CubeIDE/plugins/com.st.stm32cube.ide.mcu.externaltools.gnu-tools-for-stm32.11.3.rel1.win32_1.1.1.202309131626/tools/bin/../lib/gcc/arm-none-eabi/11.3.1/thumb/v7-m/nofp/crtbegin.o

.rodata         0x0000000008001020      0x180
                0x0000000008001020                . = ALIGN (0x4)
 *(.rodata)
 .rodata        0x0000000008001020       0x2a ./Core/Src/main.o
 *fill*         0x000000000800104a        0x2 
 .rodata        0x000000000800104c        0x7 ./Core/Src/uart.o
 *(.rodata*)
 *fill*         0x0000000008001053        0x1 
 .rodata.det_NONE
                0x0000000008001054       0x1b ./Core/Src/max5980.o
                0x0000000008001054                det_NONE
 *fill*         0x000000000800106f        0x1 
 .rodata.det_DCP
                0x0000000008001070       0x2b ./Core/Src/max5980.o
                0x0000000008001070                det_DCP
 *fill*         0x000000000800109b        0x1 
 .rodata.det_HIGH_CAP
                0x000000000800109c       0x1f ./Core/Src/max5980.o
                0x000000000800109c                det_HIGH_CAP
 *fill*         0x00000000080010bb        0x1 
 .rodata.det_RLOW
                0x00000000080010bc       0x1d ./Core/Src/max5980.o
                0x00000000080010bc                det_RLOW
 *fill*         0x00000000080010d9        0x3 
 .rodata.det_DET_OK
                0x00000000080010dc       0x11 ./Core/Src/max5980.o
                0x00000000080010dc                det_DET_OK
 *fill*         0x00000000080010ed        0x3 
 .rodata.det_RHIGH
                0x00000000080010f0       0x1e ./Core/Src/max5980.o
                0x00000000080010f0                det_RHIGH
 *fill*         0x000000000800110e        0x2 
 .rodata.det_OPEN
                0x0000000008001110        0xc ./Core/Src/max5980.o
                0x0000000008001110                det_OPEN
 .rodata.det_DCN
                0x000000000800111c       0x19 ./Core/Src/max5980.o
                0x000000000800111c                det_DCN
 *fill*         0x0000000008001135        0x3 
 .rodata.class_Unknown
                0x0000000008001138       0x10 ./Core/Src/max5980.o
                0x0000000008001138                class_Unknown
 .rodata.class_1
                0x0000000008001148        0xa ./Core/Src/max5980.o
                0x0000000008001148                class_1
 *fill*         0x0000000008001152        0x2 
 .rodata.class_2
                0x0000000008001154        0xa ./Core/Src/max5980.o
                0x0000000008001154                class_2
 *fill*         0x000000000800115e        0x2 
 .rodata.class_3
                0x0000000008001160        0xa ./Core/Src/max5980.o
                0x0000000008001160                class_3
 *fill*         0x000000000800116a        0x2 
 .rodata.class_4
                0x000000000800116c        0xa ./Core/Src/max5980.o
                0x000000000800116c                class_4
 *fill*         0x0000000008001176        0x2 
 .rodata.class_5
                0x0000000008001178        0xa ./Core/Src/max5980.o
                0x0000000008001178                class_5
 *fill*         0x0000000008001182        0x2 
 .rodata.class_0
                0x0000000008001184        0xa ./Core/Src/max5980.o
                0x0000000008001184                class_0
 *fill*         0x000000000800118e        0x2 
 .rodata.class_CURR_LIM
                0x0000000008001190       0x10 ./Core/Src/max5980.o
                0x0000000008001190                class_CURR_LIM
                0x00000000080011a0                . = ALIGN (0x4)

.rel.dyn        0x00000000080011a0        0x0
 .rel.iplt      0x00000000080011a0        0x0 D:/Programms/STM32CubeIDE_1.13.2/STM32CubeIDE/plugins/com.st.stm32cube.ide.mcu.externaltools.gnu-tools-for-stm32.11.3.rel1.win32_1.1.1.202309131626/tools/bin/../lib/gcc/arm-none-eabi/11.3.1/thumb/v7-m/nofp/crtbegin.o

.ARM.extab      0x00000000080011a0        0x0
                0x00000000080011a0                . = ALIGN (0x4)
 *(.ARM.extab* .gnu.linkonce.armextab.*)
                0x00000000080011a0                . = ALIGN (0x4)

.ARM            0x00000000080011a0        0x0
                0x00000000080011a0                . = ALIGN (0x4)
                0x00000000080011a0                __exidx_start = .
 *(.ARM.exidx*)
                0x00000000080011a0                __exidx_end = .
                0x00000000080011a0                . = ALIGN (0x4)

.preinit_array  0x00000000080011a0        0x0
                0x00000000080011a0                . = ALIGN (0x4)
                0x00000000080011a0                PROVIDE (__preinit_array_start = .)
 *(.preinit_array*)
                0x00000000080011a0                PROVIDE (__preinit_array_end = .)
                0x00000000080011a0                . = ALIGN (0x4)

.init_array     0x00000000080011a0        0x4
                0x00000000080011a0                . = ALIGN (0x4)
                0x00000000080011a0                PROVIDE (__init_array_start = .)
 *(SORT_BY_NAME(.init_array.*))
 *(.init_array*)
 .init_array    0x00000000080011a0        0x4 D:/Programms/STM32CubeIDE_1.13.2/STM32CubeIDE/plugins/com.st.stm32cube.ide.mcu.externaltools.gnu-tools-for-stm32.11.3.rel1.win32_1.1.1.202309131626/tools/bin/../lib/gcc/arm-none-eabi/11.3.1/thumb/v7-m/nofp/crtbegin.o
                0x00000000080011a4                PROVIDE (__init_array_end = .)
                0x00000000080011a4                . = ALIGN (0x4)

.fini_array     0x00000000080011a4        0x4
                0x00000000080011a4                . = ALIGN (0x4)
                [!provide]                        PROVIDE (__fini_array_start = .)
 *(SORT_BY_NAME(.fini_array.*))
 *(.fini_array*)
 .fini_array    0x00000000080011a4        0x4 D:/Programms/STM32CubeIDE_1.13.2/STM32CubeIDE/plugins/com.st.stm32cube.ide.mcu.externaltools.gnu-tools-for-stm32.11.3.rel1.win32_1.1.1.202309131626/tools/bin/../lib/gcc/arm-none-eabi/11.3.1/thumb/v7-m/nofp/crtbegin.o
                [!provide]                        PROVIDE (__fini_array_end = .)
                0x00000000080011a8                . = ALIGN (0x4)
                0x00000000080011a8                _sidata = LOADADDR (.data)

.data           0x0000000020000000       0x4c load address 0x00000000080011a8
                0x0000000020000000                . = ALIGN (0x4)
                0x0000000020000000                _sdata = .
 *(.data)
 *(.data*)
 .data.port_detection
                0x0000000020000000       0x20 ./Core/Src/max5980.o
                0x0000000020000000                port_detection
 .data.port_class
                0x0000000020000020       0x20 ./Core/Src/max5980.o
                0x0000000020000020                port_class
 .data.global_uart_rx_iterator
                0x0000000020000040        0x2 ./Core/Src/uart.o
                0x0000000020000040                global_uart_rx_iterator
 *fill*         0x0000000020000042        0x2 
 .data.global_uart2_rx_time
                0x0000000020000044        0x4 ./Core/Src/uart.o
                0x0000000020000044                global_uart2_rx_time
 .data.global_uart2_rx_iterator
                0x0000000020000048        0x2 ./Core/Src/uart.o
                0x0000000020000048                global_uart2_rx_iterator
 *(.RamFunc)
 *(.RamFunc*)
                0x000000002000004c                . = ALIGN (0x4)
 *fill*         0x000000002000004a        0x2 
                0x000000002000004c                _edata = .

.igot.plt       0x000000002000004c        0x0 load address 0x00000000080011f4
 .igot.plt      0x000000002000004c        0x0 D:/Programms/STM32CubeIDE_1.13.2/STM32CubeIDE/plugins/com.st.stm32cube.ide.mcu.externaltools.gnu-tools-for-stm32.11.3.rel1.win32_1.1.1.202309131626/tools/bin/../lib/gcc/arm-none-eabi/11.3.1/thumb/v7-m/nofp/crtbegin.o
                0x000000002000004c                . = ALIGN (0x4)

.bss            0x000000002000004c       0x38 load address 0x00000000080011f4
                0x000000002000004c                _sbss = .
                0x000000002000004c                __bss_start__ = _sbss
 *(.bss)
 .bss           0x000000002000004c       0x1c D:/Programms/STM32CubeIDE_1.13.2/STM32CubeIDE/plugins/com.st.stm32cube.ide.mcu.externaltools.gnu-tools-for-stm32.11.3.rel1.win32_1.1.1.202309131626/tools/bin/../lib/gcc/arm-none-eabi/11.3.1/thumb/v7-m/nofp/crtbegin.o
 *(.bss*)
 .bss.global_relative_time
                0x0000000020000068        0x2 ./Core/Src/tim.o
                0x0000000020000068                global_relative_time
 .bss.global_main_flag_tim3_update
                0x000000002000006a        0x1 ./Core/Src/tim.o
                0x000000002000006a                global_main_flag_tim3_update
 .bss.global_main_flag_tim2_update
                0x000000002000006b        0x1 ./Core/Src/tim.o
                0x000000002000006b                global_main_flag_tim2_update
 .bss.global_main_flag_tim1_update
                0x000000002000006c        0x1 ./Core/Src/tim.o
                0x000000002000006c                global_main_flag_tim1_update
 *fill*         0x000000002000006d        0x3 
 .bss.global_uart_rx_data
                0x0000000020000070        0x4 ./Core/Src/uart.o
                0x0000000020000070                global_uart_rx_data
 .bss.global_uart_flag_data_recieved
                0x0000000020000074        0x1 ./Core/Src/uart.o
                0x0000000020000074                global_uart_flag_data_recieved
 .bss.global_uart_flag_data_transmitted
                0x0000000020000075        0x1 ./Core/Src/uart.o
                0x0000000020000075                global_uart_flag_data_transmitted
 *fill*         0x0000000020000076        0x2 
 .bss.global_uart2_tx_data
                0x0000000020000078        0x4 ./Core/Src/uart.o
                0x0000000020000078                global_uart2_tx_data
 .bss.global_uart2_rx_data
                0x000000002000007c        0x4 ./Core/Src/uart.o
                0x000000002000007c                global_uart2_rx_data
 .bss.global_uart2_flag_data_recieved
                0x0000000020000080        0x1 ./Core/Src/uart.o
                0x0000000020000080                global_uart2_flag_data_recieved
 .bss.global_uart2_flag_data_transmitted
                0x0000000020000081        0x1 ./Core/Src/uart.o
                0x0000000020000081                global_uart2_flag_data_transmitted
 *(COMMON)
                0x0000000020000084                . = ALIGN (0x4)
 *fill*         0x0000000020000082        0x2 
                0x0000000020000084                _ebss = .
                0x0000000020000084                __bss_end__ = _ebss

._user_heap_stack
                0x0000000020000084      0x604 load address 0x00000000080011f4
                0x0000000020000088                . = ALIGN (0x8)
 *fill*         0x0000000020000084        0x4 
                [!provide]                        PROVIDE (end = .)
                0x0000000020000088                PROVIDE (_end = .)
                0x0000000020000288                . = (. + _Min_Heap_Size)
 *fill*         0x0000000020000088      0x200 
                0x0000000020000688                . = (. + _Min_Stack_Size)
 *fill*         0x0000000020000288      0x400 
                0x0000000020000688                . = ALIGN (0x8)

/DISCARD/
 libc.a(*)
 libm.a(*)
 libgcc.a(*)

.ARM.attributes
                0x0000000000000000       0x29
 *(.ARM.attributes)
 .ARM.attributes
                0x0000000000000000       0x1d D:/Programms/STM32CubeIDE_1.13.2/STM32CubeIDE/plugins/com.st.stm32cube.ide.mcu.externaltools.gnu-tools-for-stm32.11.3.rel1.win32_1.1.1.202309131626/tools/bin/../lib/gcc/arm-none-eabi/11.3.1/thumb/v7-m/nofp/crti.o
 .ARM.attributes
                0x000000000000001d       0x2d D:/Programms/STM32CubeIDE_1.13.2/STM32CubeIDE/plugins/com.st.stm32cube.ide.mcu.externaltools.gnu-tools-for-stm32.11.3.rel1.win32_1.1.1.202309131626/tools/bin/../lib/gcc/arm-none-eabi/11.3.1/thumb/v7-m/nofp/crtbegin.o
 .ARM.attributes
                0x000000000000004a       0x2d ./Core/Src/dma.o
 .ARM.attributes
                0x0000000000000077       0x2d ./Core/Src/i2c.o
 .ARM.attributes
                0x00000000000000a4       0x2d ./Core/Src/main.o
 .ARM.attributes
                0x00000000000000d1       0x2d ./Core/Src/max5980.o
 .ARM.attributes
                0x00000000000000fe       0x2d ./Core/Src/string.o
 .ARM.attributes
                0x000000000000012b       0x2d ./Core/Src/tim.o
 .ARM.attributes
                0x0000000000000158       0x2d ./Core/Src/uart.o
 .ARM.attributes
                0x0000000000000185       0x21 ./Core/Startup/startup_stm32f103c6tx.o
 .ARM.attributes
                0x00000000000001a6       0x2d D:/Programms/STM32CubeIDE_1.13.2/STM32CubeIDE/plugins/com.st.stm32cube.ide.mcu.externaltools.gnu-tools-for-stm32.11.3.rel1.win32_1.1.1.202309131626/tools/bin/../lib/gcc/arm-none-eabi/11.3.1/../../../../arm-none-eabi/lib/thumb/v7-m/nofp\libc_nano.a(libc_a-memset.o)
 .ARM.attributes
                0x00000000000001d3       0x2d D:/Programms/STM32CubeIDE_1.13.2/STM32CubeIDE/plugins/com.st.stm32cube.ide.mcu.externaltools.gnu-tools-for-stm32.11.3.rel1.win32_1.1.1.202309131626/tools/bin/../lib/gcc/arm-none-eabi/11.3.1/../../../../arm-none-eabi/lib/thumb/v7-m/nofp\libc_nano.a(libc_a-init.o)
 .ARM.attributes
                0x0000000000000200       0x1d D:/Programms/STM32CubeIDE_1.13.2/STM32CubeIDE/plugins/com.st.stm32cube.ide.mcu.externaltools.gnu-tools-for-stm32.11.3.rel1.win32_1.1.1.202309131626/tools/bin/../lib/gcc/arm-none-eabi/11.3.1/thumb/v7-m/nofp/crtn.o
OUTPUT(rf ver4.elf elf32-littlearm)
LOAD linker stubs
LOAD D:/Programms/STM32CubeIDE_1.13.2/STM32CubeIDE/plugins/com.st.stm32cube.ide.mcu.externaltools.gnu-tools-for-stm32.11.3.rel1.win32_1.1.1.202309131626/tools/bin/../lib/gcc/arm-none-eabi/11.3.1/../../../../arm-none-eabi/lib/thumb/v7-m/nofp\libc.a
LOAD D:/Programms/STM32CubeIDE_1.13.2/STM32CubeIDE/plugins/com.st.stm32cube.ide.mcu.externaltools.gnu-tools-for-stm32.11.3.rel1.win32_1.1.1.202309131626/tools/bin/../lib/gcc/arm-none-eabi/11.3.1/../../../../arm-none-eabi/lib/thumb/v7-m/nofp\libm.a
LOAD D:/Programms/STM32CubeIDE_1.13.2/STM32CubeIDE/plugins/com.st.stm32cube.ide.mcu.externaltools.gnu-tools-for-stm32.11.3.rel1.win32_1.1.1.202309131626/tools/bin/../lib/gcc/arm-none-eabi/11.3.1/thumb/v7-m/nofp\libgcc.a

.comment        0x0000000000000000       0x43
 .comment       0x0000000000000000       0x43 D:/Programms/STM32CubeIDE_1.13.2/STM32CubeIDE/plugins/com.st.stm32cube.ide.mcu.externaltools.gnu-tools-for-stm32.11.3.rel1.win32_1.1.1.202309131626/tools/bin/../lib/gcc/arm-none-eabi/11.3.1/thumb/v7-m/nofp/crtbegin.o
                                         0x44 (size before relaxing)
 .comment       0x0000000000000043       0x44 ./Core/Src/dma.o
 .comment       0x0000000000000043       0x44 ./Core/Src/i2c.o
 .comment       0x0000000000000043       0x44 ./Core/Src/main.o
 .comment       0x0000000000000043       0x44 ./Core/Src/max5980.o
 .comment       0x0000000000000043       0x44 ./Core/Src/string.o
 .comment       0x0000000000000043       0x44 ./Core/Src/tim.o
 .comment       0x0000000000000043       0x44 ./Core/Src/uart.o

.debug_info     0x0000000000000000     0x2515
 .debug_info    0x0000000000000000      0x3f7 ./Core/Src/dma.o
 .debug_info    0x00000000000003f7      0x446 ./Core/Src/i2c.o
 .debug_info    0x000000000000083d      0x723 ./Core/Src/main.o
 .debug_info    0x0000000000000f60      0x39a ./Core/Src/max5980.o
 .debug_info    0x00000000000012fa      0x335 ./Core/Src/string.o
 .debug_info    0x000000000000162f      0x65f ./Core/Src/tim.o
 .debug_info    0x0000000000001c8e      0x864 ./Core/Src/uart.o
 .debug_info    0x00000000000024f2       0x23 ./Core/Startup/startup_stm32f103c6tx.o

.debug_abbrev   0x0000000000000000      0xa22
 .debug_abbrev  0x0000000000000000      0x123 ./Core/Src/dma.o
 .debug_abbrev  0x0000000000000123      0x17f ./Core/Src/i2c.o
 .debug_abbrev  0x00000000000002a2      0x24a ./Core/Src/main.o
 .debug_abbrev  0x00000000000004ec       0xd0 ./Core/Src/max5980.o
 .debug_abbrev  0x00000000000005bc       0xe2 ./Core/Src/string.o
 .debug_abbrev  0x000000000000069e      0x1bb ./Core/Src/tim.o
 .debug_abbrev  0x0000000000000859      0x1b7 ./Core/Src/uart.o
 .debug_abbrev  0x0000000000000a10       0x12 ./Core/Startup/startup_stm32f103c6tx.o

.debug_aranges  0x0000000000000000      0x228
 .debug_aranges
                0x0000000000000000       0x50 ./Core/Src/dma.o
 .debug_aranges
                0x0000000000000050       0x50 ./Core/Src/i2c.o
 .debug_aranges
                0x00000000000000a0       0x40 ./Core/Src/main.o
 .debug_aranges
                0x00000000000000e0       0x20 ./Core/Src/max5980.o
 .debug_aranges
                0x0000000000000100       0x50 ./Core/Src/string.o
 .debug_aranges
                0x0000000000000150       0x58 ./Core/Src/tim.o
 .debug_aranges
                0x00000000000001a8       0x58 ./Core/Src/uart.o
 .debug_aranges
                0x0000000000000200       0x28 ./Core/Startup/startup_stm32f103c6tx.o

.debug_rnglists
                0x0000000000000000      0x189
 .debug_rnglists
                0x0000000000000000       0x3a ./Core/Src/dma.o
 .debug_rnglists
                0x000000000000003a       0x3a ./Core/Src/i2c.o
 .debug_rnglists
                0x0000000000000074       0x2e ./Core/Src/main.o
 .debug_rnglists
                0x00000000000000a2       0x13 ./Core/Src/max5980.o
 .debug_rnglists
                0x00000000000000b5       0x3b ./Core/Src/string.o
 .debug_rnglists
                0x00000000000000f0       0x3d ./Core/Src/tim.o
 .debug_rnglists
                0x000000000000012d       0x43 ./Core/Src/uart.o
 .debug_rnglists
                0x0000000000000170       0x19 ./Core/Startup/startup_stm32f103c6tx.o

.debug_macro    0x0000000000000000    0x10878
 .debug_macro   0x0000000000000000      0x103 ./Core/Src/dma.o
 .debug_macro   0x0000000000000103      0xa90 ./Core/Src/dma.o
 .debug_macro   0x0000000000000b93       0x22 ./Core/Src/dma.o
 .debug_macro   0x0000000000000bb5       0x22 ./Core/Src/dma.o
 .debug_macro   0x0000000000000bd7       0x8e ./Core/Src/dma.o
 .debug_macro   0x0000000000000c65       0x51 ./Core/Src/dma.o
 .debug_macro   0x0000000000000cb6      0x103 ./Core/Src/dma.o
 .debug_macro   0x0000000000000db9       0x6a ./Core/Src/dma.o
 .debug_macro   0x0000000000000e23      0x1df ./Core/Src/dma.o
 .debug_macro   0x0000000000001002       0x2e ./Core/Src/dma.o
 .debug_macro   0x0000000000001030       0x22 ./Core/Src/dma.o
 .debug_macro   0x0000000000001052       0x1c ./Core/Src/dma.o
 .debug_macro   0x000000000000106e       0x22 ./Core/Src/dma.o
 .debug_macro   0x0000000000001090       0xbd ./Core/Src/dma.o
 .debug_macro   0x000000000000114d      0xd23 ./Core/Src/dma.o
 .debug_macro   0x0000000000001e70     0xde75 ./Core/Src/dma.o
 .debug_macro   0x000000000000fce5       0x6d ./Core/Src/dma.o
 .debug_macro   0x000000000000fd52      0x242 ./Core/Src/dma.o
 .debug_macro   0x000000000000ff94       0x64 ./Core/Src/dma.o
 .debug_macro   0x000000000000fff8       0x88 ./Core/Src/dma.o
 .debug_macro   0x0000000000010080       0x58 ./Core/Src/dma.o
 .debug_macro   0x00000000000100d8       0xdd ./Core/Src/i2c.o
 .debug_macro   0x00000000000101b5       0x76 ./Core/Src/i2c.o
 .debug_macro   0x000000000001022b      0x12f ./Core/Src/main.o
 .debug_macro   0x000000000001035a       0x94 ./Core/Src/main.o
 .debug_macro   0x00000000000103ee       0xf8 ./Core/Src/max5980.o
 .debug_macro   0x00000000000104e6       0x7c ./Core/Src/max5980.o
 .debug_macro   0x0000000000010562       0xd8 ./Core/Src/string.o
 .debug_macro   0x000000000001063a       0xdd ./Core/Src/tim.o
 .debug_macro   0x0000000000010717       0x5e ./Core/Src/tim.o
 .debug_macro   0x0000000000010775      0x103 ./Core/Src/uart.o

.debug_line     0x0000000000000000     0x2fb6
 .debug_line    0x0000000000000000      0x6fa ./Core/Src/dma.o
 .debug_line    0x00000000000006fa      0x6a5 ./Core/Src/i2c.o
 .debug_line    0x0000000000000d9f      0x720 ./Core/Src/main.o
 .debug_line    0x00000000000014bf      0x512 ./Core/Src/max5980.o
 .debug_line    0x00000000000019d1      0x820 ./Core/Src/string.o
 .debug_line    0x00000000000021f1      0x633 ./Core/Src/tim.o
 .debug_line    0x0000000000002824      0x71a ./Core/Src/uart.o
 .debug_line    0x0000000000002f3e       0x78 ./Core/Startup/startup_stm32f103c6tx.o

.debug_str      0x0000000000000000    0x554c7
 .debug_str     0x0000000000000000    0x54727 ./Core/Src/dma.o
                                      0x5496a (size before relaxing)
 .debug_str     0x0000000000054727      0x2ee ./Core/Src/i2c.o
                                      0x54284 (size before relaxing)
 .debug_str     0x0000000000054a15      0x5ea ./Core/Src/main.o
                                      0x55008 (size before relaxing)
 .debug_str     0x0000000000054fff      0x149 ./Core/Src/max5980.o
                                      0x5452f (size before relaxing)
 .debug_str     0x0000000000055148       0xc1 ./Core/Src/string.o
                                      0x54041 (size before relaxing)
 .debug_str     0x0000000000055209       0xf9 ./Core/Src/tim.o
                                      0x54655 (size before relaxing)
 .debug_str     0x0000000000055302      0x15d ./Core/Src/uart.o
                                      0x54a92 (size before relaxing)
 .debug_str     0x000000000005545f       0x68 ./Core/Startup/startup_stm32f103c6tx.o

.debug_frame    0x0000000000000000      0x6cc
 .debug_frame   0x0000000000000000      0x108 ./Core/Src/dma.o
 .debug_frame   0x0000000000000108       0xfc ./Core/Src/i2c.o
 .debug_frame   0x0000000000000204       0xc4 ./Core/Src/main.o
 .debug_frame   0x00000000000002c8       0x34 ./Core/Src/max5980.o
 .debug_frame   0x00000000000002fc      0x128 ./Core/Src/string.o
 .debug_frame   0x0000000000000424      0x134 ./Core/Src/tim.o
 .debug_frame   0x0000000000000558      0x128 ./Core/Src/uart.o
 .debug_frame   0x0000000000000680       0x20 D:/Programms/STM32CubeIDE_1.13.2/STM32CubeIDE/plugins/com.st.stm32cube.ide.mcu.externaltools.gnu-tools-for-stm32.11.3.rel1.win32_1.1.1.202309131626/tools/bin/../lib/gcc/arm-none-eabi/11.3.1/../../../../arm-none-eabi/lib/thumb/v7-m/nofp\libc_nano.a(libc_a-memset.o)
 .debug_frame   0x00000000000006a0       0x2c D:/Programms/STM32CubeIDE_1.13.2/STM32CubeIDE/plugins/com.st.stm32cube.ide.mcu.externaltools.gnu-tools-for-stm32.11.3.rel1.win32_1.1.1.202309131626/tools/bin/../lib/gcc/arm-none-eabi/11.3.1/../../../../arm-none-eabi/lib/thumb/v7-m/nofp\libc_nano.a(libc_a-init.o)

.debug_line_str
                0x0000000000000000       0x5c
 .debug_line_str
                0x0000000000000000       0x5c ./Core/Startup/startup_stm32f103c6tx.o
                                         0x74 (size before relaxing)
