../Drivers/CMSIS/Include/core_cm3.h:1511:22:__NVIC_EnableIRQ	16	static
../Drivers/CMSIS/Include/core_cm3.h:1547:22:__NVIC_DisableIRQ	16	static,ignoring_inline_asm
../Core/Src/main.c:43:5:main	1416	static
../Core/Src/main.c:105:6:sync_time	24	static
../Core/Src/main.c:128:6:peripherial_init	8	static
../Core/Src/main.c:139:6:interrupts_first_init	8	static,ignoring_inline_asm
../Core/Src/main.c:157:6:rcc_init	4	static
../Core/Src/main.c:172:6:gpio_init	4	static
../Core/Src/main.c:184:6:gpio_x_pin_y_config	16	static
../Core/Src/main.c:197:6:exti0_init	4	static
../Core/Src/main.c:205:6:exti1_init	4	static
../Core/Src/main.c:214:6:EXTI0_IRQHandler	4	static
../Core/Src/main.c:218:6:EXTI1_IRQHandler	8	static
../Core/Src/main.c:224:6:delay_ms	24	static
../Core/Src/main.c:238:6:echo_general	32	static
../Core/Src/main.c:308:6:date_increment	16	static
